// Vitest Snapshot v1

exports[`App > renders App component 1`] = `
{
  "asFragment": [Function],
  "baseElement": <body>
    <div>
      <div
        class="_app_ce1e69"
      >
        <nav
          class="_navbar_b440ab"
        >
          <a
            class="_navitem_b440ab"
            href="/"
          >
            Front
          </a>
          <a
            class="_navitem_b440ab"
            href="/about"
          >
            About
          </a>
          <div
            class="_spacer_b440ab"
          />
          <a
            class="_navitem_b440ab"
            href="/login"
          >
            Login
          </a>
          <a
            class="_navitem_b440ab"
            href="/signin"
          >
            Signin
          </a>
        </nav>
        <div
          class="_router_ce1e69"
        >
          <div>
            Home
          </div>
        </div>
        <div>
          Footer
        </div>
      </div>
    </div>
  </body>,
  "container": <div>
    <div
      class="_app_ce1e69"
    >
      <nav
        class="_navbar_b440ab"
      >
        <a
          class="_navitem_b440ab"
          href="/"
        >
          Front
        </a>
        <a
          class="_navitem_b440ab"
          href="/about"
        >
          About
        </a>
        <div
          class="_spacer_b440ab"
        />
        <a
          class="_navitem_b440ab"
          href="/login"
        >
          Login
        </a>
        <a
          class="_navitem_b440ab"
          href="/signin"
        >
          Signin
        </a>
      </nav>
      <div
        class="_router_ce1e69"
      >
        <div>
          Home
        </div>
      </div>
      <div>
        Footer
      </div>
    </div>
  </div>,
  "debug": [Function],
  "findAllByAltText": [Function],
  "findAllByDisplayValue": [Function],
  "findAllByLabelText": [Function],
  "findAllByPlaceholderText": [Function],
  "findAllByRole": [Function],
  "findAllByTestId": [Function],
  "findAllByText": [Function],
  "findAllByTitle": [Function],
  "findByAltText": [Function],
  "findByDisplayValue": [Function],
  "findByLabelText": [Function],
  "findByPlaceholderText": [Function],
  "findByRole": [Function],
  "findByTestId": [Function],
  "findByText": [Function],
  "findByTitle": [Function],
  "getAllByAltText": [Function],
  "getAllByDisplayValue": [Function],
  "getAllByLabelText": [Function],
  "getAllByPlaceholderText": [Function],
  "getAllByRole": [Function],
  "getAllByTestId": [Function],
  "getAllByText": [Function],
  "getAllByTitle": [Function],
  "getByAltText": [Function],
  "getByDisplayValue": [Function],
  "getByLabelText": [Function],
  "getByPlaceholderText": [Function],
  "getByRole": [Function],
  "getByTestId": [Function],
  "getByText": [Function],
  "getByTitle": [Function],
  "queryAllByAltText": [Function],
  "queryAllByDisplayValue": [Function],
  "queryAllByLabelText": [Function],
  "queryAllByPlaceholderText": [Function],
  "queryAllByRole": [Function],
  "queryAllByTestId": [Function],
  "queryAllByText": [Function],
  "queryAllByTitle": [Function],
  "queryByAltText": [Function],
  "queryByDisplayValue": [Function],
  "queryByLabelText": [Function],
  "queryByPlaceholderText": [Function],
  "queryByRole": [Function],
  "queryByTestId": [Function],
  "queryByText": [Function],
  "queryByTitle": [Function],
  "rerender": [Function],
  "unmount": [Function],
}
`;
